2026-01-15 08:25:38 [main] INFO  com.diariokanto.web.WebApplication - Starting WebApplication using Java 25 with PID 15980 (C:\Users\Pablo Herrera\ELdK\target\classes started by Pablo Herrera in C:\Users\Pablo Herrera\ELdK_Api)
2026-01-15 08:25:38 [main] INFO  com.diariokanto.web.WebApplication - No active profile set, falling back to 1 default profile: "default"
2026-01-15 08:25:40 [main] INFO  o.s.boot.tomcat.TomcatWebServer - Tomcat initialized with port 8081 (http)
2026-01-15 08:25:40 [main] INFO  o.a.catalina.core.StandardService - Starting service [Tomcat]
2026-01-15 08:25:40 [main] INFO  o.a.catalina.core.StandardEngine - Starting Servlet engine: [Apache Tomcat/11.0.14]
2026-01-15 08:25:40 [main] INFO  o.s.b.w.c.s.WebApplicationContextInitializer - Root WebApplicationContext: initialization completed in 2164 ms
2026-01-15 08:25:41 [main] INFO  o.s.s.c.a.a.c.InitializeAuthenticationProviderBeanManagerConfigurer$InitializeAuthenticationProviderManagerConfigurer - Global AuthenticationManager configured with AuthenticationProvider bean with name apiAuthenticationProvider
2026-01-15 08:25:42 [main] INFO  o.s.b.w.a.WelcomePageHandlerMapping - Adding welcome page template: index
2026-01-15 08:25:42 [main] INFO  o.s.boot.tomcat.TomcatWebServer - Tomcat started on port 8081 (http) with context path '/'
2026-01-15 08:25:42 [main] INFO  com.diariokanto.web.WebApplication - Started WebApplication in 4.702 seconds (process running for 5.149)
2026-01-15 08:33:26 [main] INFO  com.diariokanto.web.WebApplication - Starting WebApplication using Java 25 with PID 8216 (C:\Users\Pablo Herrera\ELdK\target\classes started by Pablo Herrera in C:\Users\Pablo Herrera\ELdK_Api)
2026-01-15 08:33:26 [main] INFO  com.diariokanto.web.WebApplication - No active profile set, falling back to 1 default profile: "default"
2026-01-15 08:33:27 [main] INFO  o.s.boot.tomcat.TomcatWebServer - Tomcat initialized with port 8081 (http)
2026-01-15 08:33:27 [main] INFO  o.a.catalina.core.StandardService - Starting service [Tomcat]
2026-01-15 08:33:27 [main] INFO  o.a.catalina.core.StandardEngine - Starting Servlet engine: [Apache Tomcat/11.0.14]
2026-01-15 08:33:27 [main] INFO  o.s.b.w.c.s.WebApplicationContextInitializer - Root WebApplicationContext: initialization completed in 1285 ms
2026-01-15 08:33:28 [main] INFO  o.s.s.c.a.a.c.InitializeAuthenticationProviderBeanManagerConfigurer$InitializeAuthenticationProviderManagerConfigurer - Global AuthenticationManager configured with AuthenticationProvider bean with name apiAuthenticationProvider
2026-01-15 08:33:28 [main] INFO  o.s.b.w.a.WelcomePageHandlerMapping - Adding welcome page template: index
2026-01-15 08:33:29 [main] WARN  o.s.b.w.s.s.c.AnnotationConfigServletWebServerApplicationContext - Exception encountered during context initialization - cancelling refresh attempt: org.springframework.context.ApplicationContextException: Failed to start bean 'webServerStartStop'
2026-01-15 08:33:29 [main] INFO  o.s.b.a.l.ConditionEvaluationReportLogger - 

Error starting ApplicationContext. To display the condition evaluation report re-run your application with 'debug' enabled.
2026-01-15 08:33:29 [main] ERROR o.s.b.d.LoggingFailureAnalysisReporter - 

***************************
APPLICATION FAILED TO START
***************************

Description:

Web server failed to start. Port 8081 was already in use.

Action:

Identify and stop the process that's listening on port 8081 or configure this application to listen on another port.

2026-01-15 08:33:42 [main] INFO  com.diariokanto.web.WebApplication - Starting WebApplication using Java 25 with PID 15600 (C:\Users\Pablo Herrera\ELdK\target\classes started by Pablo Herrera in C:\Users\Pablo Herrera\ELdK_Api)
2026-01-15 08:33:42 [main] INFO  com.diariokanto.web.WebApplication - No active profile set, falling back to 1 default profile: "default"
2026-01-15 08:33:44 [main] INFO  o.s.boot.tomcat.TomcatWebServer - Tomcat initialized with port 8081 (http)
2026-01-15 08:33:44 [main] INFO  o.a.catalina.core.StandardService - Starting service [Tomcat]
2026-01-15 08:33:44 [main] INFO  o.a.catalina.core.StandardEngine - Starting Servlet engine: [Apache Tomcat/11.0.14]
2026-01-15 08:33:44 [main] INFO  o.s.b.w.c.s.WebApplicationContextInitializer - Root WebApplicationContext: initialization completed in 1316 ms
2026-01-15 08:33:45 [main] INFO  o.s.s.c.a.a.c.InitializeAuthenticationProviderBeanManagerConfigurer$InitializeAuthenticationProviderManagerConfigurer - Global AuthenticationManager configured with AuthenticationProvider bean with name apiAuthenticationProvider
2026-01-15 08:33:45 [main] INFO  o.s.b.w.a.WelcomePageHandlerMapping - Adding welcome page template: index
2026-01-15 08:33:45 [main] WARN  o.s.b.w.s.s.c.AnnotationConfigServletWebServerApplicationContext - Exception encountered during context initialization - cancelling refresh attempt: org.springframework.context.ApplicationContextException: Failed to start bean 'webServerStartStop'
2026-01-15 08:33:45 [main] INFO  o.s.b.a.l.ConditionEvaluationReportLogger - 

Error starting ApplicationContext. To display the condition evaluation report re-run your application with 'debug' enabled.
2026-01-15 08:33:45 [main] ERROR o.s.b.d.LoggingFailureAnalysisReporter - 

***************************
APPLICATION FAILED TO START
***************************

Description:

Web server failed to start. Port 8081 was already in use.

Action:

Identify and stop the process that's listening on port 8081 or configure this application to listen on another port.

2026-01-15 08:35:19 [main] INFO  com.diariokanto.web.WebApplication - Starting WebApplication using Java 25 with PID 18176 (C:\Users\Pablo Herrera\ELdK\target\classes started by Pablo Herrera in C:\Users\Pablo Herrera\ELdK_Api)
2026-01-15 08:35:19 [main] INFO  com.diariokanto.web.WebApplication - No active profile set, falling back to 1 default profile: "default"
2026-01-15 08:35:21 [main] INFO  o.s.boot.tomcat.TomcatWebServer - Tomcat initialized with port 8081 (http)
2026-01-15 08:35:21 [main] INFO  o.a.catalina.core.StandardService - Starting service [Tomcat]
2026-01-15 08:35:21 [main] INFO  o.a.catalina.core.StandardEngine - Starting Servlet engine: [Apache Tomcat/11.0.14]
2026-01-15 08:35:21 [main] INFO  o.s.b.w.c.s.WebApplicationContextInitializer - Root WebApplicationContext: initialization completed in 1406 ms
2026-01-15 08:35:22 [main] INFO  o.s.s.c.a.a.c.InitializeAuthenticationProviderBeanManagerConfigurer$InitializeAuthenticationProviderManagerConfigurer - Global AuthenticationManager configured with AuthenticationProvider bean with name apiAuthenticationProvider
2026-01-15 08:35:22 [main] INFO  o.s.b.w.a.WelcomePageHandlerMapping - Adding welcome page template: index
2026-01-15 08:35:22 [main] INFO  o.s.boot.tomcat.TomcatWebServer - Tomcat started on port 8081 (http) with context path '/'
2026-01-15 08:35:22 [main] INFO  com.diariokanto.web.WebApplication - Started WebApplication in 3.966 seconds (process running for 4.391)
2026-01-15 08:35:52 [http-nio-8081-exec-1] INFO  o.a.c.c.C.[Tomcat].[localhost].[/] - Initializing Spring DispatcherServlet 'dispatcherServlet'
2026-01-15 08:35:52 [http-nio-8081-exec-1] INFO  o.s.web.servlet.DispatcherServlet - Initializing Servlet 'dispatcherServlet'
2026-01-15 08:35:52 [http-nio-8081-exec-1] INFO  o.s.web.servlet.DispatcherServlet - Completed initialization in 1 ms
2026-01-15 08:38:05 [SpringApplicationShutdownHook] INFO  o.s.boot.tomcat.GracefulShutdown - Commencing graceful shutdown. Waiting for active requests to complete
2026-01-15 08:38:05 [tomcat-shutdown] INFO  o.s.boot.tomcat.GracefulShutdown - Graceful shutdown complete
